Build a disk with 4667 planetesimals
Planetesimal mass = 2.809921e+24 g = 1.4131032138117573e-09 M_Sun
Planetesimal radius = 694.7979072784935 km = 4.644437143572884e-06 AU
Reduced Hill radius = 0.0007780679801093384
Hill radius at 1 AU = 116397.31308420698 km
Planetesimal surface escape velocity = 0.5195334422361907 km/s
Random number seed = 5688317219234598912
